 27/08 22:32:34,821 DEBUG [281473372613248] (context.cpp:57) Librealsense VERSION: 2.56.4.0
 27/08 22:32:34,821 ERROR [281473372613248] (context.cpp:40) No valid configuration file found at : /root/.realsense-config.json loading defaults
 27/08 22:32:34,822 INFO [281473372613248] (backend-v4l2.cpp:675) Cannot access /sys/class/d4xx-class
 27/08 22:32:34,823 INFO [281473372613248] (backend-v4l2.cpp:775) Enumerating UVC video0 realpath=/sys/devices/platform/bus@0/3610000.usb/usb2/2-1/2-1.1/2-1.1:1.0/video4linux/video0
 27/08 22:32:35,026 INFO [281473372613248] (backend-v4l2.cpp:775) Enumerating UVC video1 realpath=/sys/devices/platform/bus@0/3610000.usb/usb2/2-1/2-1.1/2-1.1:1.0/video4linux/video1
 27/08 22:32:35,027 INFO [281473372613248] (backend-v4l2.cpp:775) Enumerating UVC video2 realpath=/sys/devices/platform/bus@0/3610000.usb/usb2/2-1/2-1.1/2-1.1:1.0/video4linux/video2
 27/08 22:32:35,028 INFO [281473372613248] (backend-v4l2.cpp:775) Enumerating UVC video3 realpath=/sys/devices/platform/bus@0/3610000.usb/usb2/2-1/2-1.1/2-1.1:1.0/video4linux/video3
 27/08 22:32:35,028 INFO [281473372613248] (backend-v4l2.cpp:775) Enumerating UVC video4 realpath=/sys/devices/platform/bus@0/3610000.usb/usb2/2-1/2-1.1/2-1.1:1.3/video4linux/video4
 27/08 22:32:35,029 INFO [281473372613248] (backend-v4l2.cpp:775) Enumerating UVC video5 realpath=/sys/devices/platform/bus@0/3610000.usb/usb2/2-1/2-1.1/2-1.1:1.3/video4linux/video5
 27/08 22:32:35,037 INFO [281473372613248] (backend-v4l2.cpp:675) Cannot access /sys/class/d4xx-class
 27/08 22:32:35,037 INFO [281473372613248] (backend-v4l2.cpp:775) Enumerating UVC video0 realpath=/sys/devices/platform/bus@0/3610000.usb/usb2/2-1/2-1.1/2-1.1:1.0/video4linux/video0
 27/08 22:32:35,038 INFO [281473372613248] (backend-v4l2.cpp:775) Enumerating UVC video1 realpath=/sys/devices/platform/bus@0/3610000.usb/usb2/2-1/2-1.1/2-1.1:1.0/video4linux/video1
 27/08 22:32:35,039 INFO [281473372613248] (backend-v4l2.cpp:775) Enumerating UVC video2 realpath=/sys/devices/platform/bus@0/3610000.usb/usb2/2-1/2-1.1/2-1.1:1.0/video4linux/video2
 27/08 22:32:35,039 INFO [281473372613248] (backend-v4l2.cpp:775) Enumerating UVC video3 realpath=/sys/devices/platform/bus@0/3610000.usb/usb2/2-1/2-1.1/2-1.1:1.0/video4linux/video3
 27/08 22:32:35,040 INFO [281473372613248] (backend-v4l2.cpp:775) Enumerating UVC video4 realpath=/sys/devices/platform/bus@0/3610000.usb/usb2/2-1/2-1.1/2-1.1:1.3/video4linux/video4
 27/08 22:32:35,040 INFO [281473372613248] (backend-v4l2.cpp:775) Enumerating UVC video5 realpath=/sys/devices/platform/bus@0/3610000.usb/usb2/2-1/2-1.1/2-1.1:1.3/video4linux/video5
 27/08 22:32:35,047 INFO [281473372613248] (backend-v4l2.cpp:675) Cannot access /sys/class/d4xx-class
 27/08 22:32:35,047 DEBUG [281473372613248] (context.cpp:129) ... /sys/devices/platform/bus@0/3610000.usb/usb2/2-1/2-1.1/2-1.1:1.0/video4linux/video0
 27/08 22:32:35,047 DEBUG [281473372613248] (context.cpp:141) Found 1 RealSense devices (0xfe requested & 0xff from device-mask in settings)
 27/08 22:32:35,050 DEBUG [281473372613248] (d400-device.cpp:458) The IMU sensor is for PID b3a has been identified as BMI055
 27/08 22:32:35,061 WARNING [281473372613248] (ds-motion-common.cpp:452) No HID info provided, IMU is disabled
 27/08 22:32:35,062 ERROR [281473372613248] (rs.cpp:256) [rs2_create_device( info_list:0xaaaab216a2c0, index:0 ) UNKNOWN] bad optional access
 27/08 22:32:35,062 ERROR [281473372613248] (rs.cpp:256) [rs2_delete_device( device:nullptr ) UNKNOWN] null pointer passed for argument "device"
 27/08 22:32:35,062 WARNING [281473372613248] (rs.cpp:392) null pointer passed for argument "device"
